<html>
<body>
<pre>
<h1>µVision Build Log</h1>
<h2>Tool Versions:</h2>
IDE-Version: ¦ÌVision V5.37.0.0
Copyright (C) 2022 ARM Ltd and ARM Germany GmbH. All rights reserved.
License Information: Cedar Song, zju, LIC=TIVNB-2J3BD-SB3EJ-U05JW-ZJPCS-BM6YC
 
Tool Versions:
Toolchain:       MDK-ARM Plus  Version: 5.37.0.0
Toolchain Path:  D:\Keil_v5\ARM\ARM_Compiler_5.06u7\Bin
C Compiler:      Armcc.exe V5.06 update 7 (build 960)
Assembler:       Armasm.exe V5.06 update 7 (build 960)
Linker/Locator:  ArmLink.exe V5.06 update 7 (build 960)
Library Manager: ArmAr.exe V5.06 update 7 (build 960)
Hex Converter:   FromElf.exe V5.06 update 7 (build 960)
CPU DLL:         SARMCM3.DLL V5.37.0.0
Dialog DLL:      DCM.DLL V1.17.5.0
Target DLL:      STLink\ST-LINKIII-KEIL_SWO.dll V3.0.9.0
Dialog DLL:      TCM.DLL V1.56.1.0
 
<h2>Project:</h2>
E:\codes\STM32\CubeMX\doubleADC_I2C\MDK-ARM\doubleADC_I2C.uvprojx
Project File Date:  07/08/2023

<h2>Output:</h2>
*** Using Compiler 'V5.06 update 7 (build 960)', folder: 'D:\Keil_v5\ARM\ARM_Compiler_5.06u7\Bin'
Rebuild target 'doubleADC_I2C'
assembling startup_stm32f103xe.s...
compiling stm32f1xx_it.c...
compiling TPL0401A.c...
compiling stm32f1xx_hal.c...
compiling gpio.c...
compiling dma.c...
compiling stm32f1xx_hal_gpio_ex.c...
compiling i2c.c...
compiling adc.c...
compiling hmi_user_uart.c...
compiling usart.c...
compiling stm32f1xx_hal_msp.c...
compiling main.c...
..\Drivers\hmi_driver\hmi_driver.h(73): warning:  #1295-D: Deprecated declaration GUI_CleanScreen - give arg types
  void GUI_CleanScreen();
..\Drivers\hmi_driver\hmi_driver.h(270): warning:  #1295-D: Deprecated declaration CalibrateTouchPane - give arg types
  void CalibrateTouchPane();
..\Drivers\hmi_driver\hmi_driver.h(275): warning:  #1295-D: Deprecated declaration TestTouchPane - give arg types
  void TestTouchPane();
..\Drivers\hmi_driver\hmi_driver.h(624): warning:  #1295-D: Deprecated declaration BatchEnd - give arg types
  void BatchEnd();
..\Drivers\hmi_driver\hmi_driver.h(720): warning:  #1295-D: Deprecated declaration FlashEndSaveControl - give arg types
  void FlashEndSaveControl();
../Core/Src/main.c(122): warning:  #223-D: function "TPL0401A_Init" declared implicitly
    TPL0401A_Init();
../Core/Src/main.c: 6 warnings, 0 errors
compiling stm32f1xx_hal_adc_ex.c...
compiling hmi_driver.c...
..\Drivers\hmi_driver\hmi_driver.h(73): warning:  #1295-D: Deprecated declaration GUI_CleanScreen - give arg types
  void GUI_CleanScreen();
..\Drivers\hmi_driver\hmi_driver.h(270): warning:  #1295-D: Deprecated declaration CalibrateTouchPane - give arg types
  void CalibrateTouchPane();
..\Drivers\hmi_driver\hmi_driver.h(275): warning:  #1295-D: Deprecated declaration TestTouchPane - give arg types
  void TestTouchPane();
..\Drivers\hmi_driver\hmi_driver.h(624): warning:  #1295-D: Deprecated declaration BatchEnd - give arg types
  void BatchEnd();
..\Drivers\hmi_driver\hmi_driver.h(720): warning:  #1295-D: Deprecated declaration FlashEndSaveControl - give arg types
  void FlashEndSaveControl();
..\Drivers\hmi_driver\hmi_driver.c: 5 warnings, 0 errors
compiling stm32f1xx_hal_adc.c...
compiling stm32f1xx_hal_cortex.c...
compiling stm32f1xx_hal_pwr.c...
compiling stm32f1xx_hal_rcc_ex.c...
compiling stm32f1xx_hal_flash.c...
compiling stm32f1xx_hal_tim.c...
compiling system_stm32f1xx.c...
compiling stm32f1xx_hal_flash_ex.c...
compiling stm32f1xx_hal_dma.c...
compiling stm32f1xx_hal_gpio.c...
compiling stm32f1xx_hal_tim_ex.c...
compiling stm32f1xx_hal_exti.c...
compiling stm32f1xx_hal_rcc.c...
compiling stm32f1xx_hal_uart.c...
compiling stm32f1xx_hal_i2c.c...
linking...
Program Size: Code=11336 RO-data=380 RW-data=28 ZI-data=2372  
FromELF: creating hex file...
"doubleADC_I2C\doubleADC_I2C.axf" - 0 Error(s), 11 Warning(s).

<h2>Software Packages used:</h2>

Package Vendor: ARM
                http://www.keil.com/pack/ARM.CMSIS.5.9.0.pack
                ARM.CMSIS.5.9.0
                CMSIS (Common Microcontroller Software Interface Standard)
   * Component: CORE Version: 5.6.0

Package Vendor: Keil
                http://www.keil.com/pack/Keil.STM32F1xx_DFP.2.4.0.pack
                Keil.STM32F1xx_DFP.2.4.0
                STMicroelectronics STM32F1 Series Device Support, Drivers and Examples

<h2>Collection of Component include folders:</h2>
  ./RTE/_doubleADC_I2C
  D:/Keil/AppData/Local/Arm/Packs/ARM/CMSIS/5.9.0/CMSIS/Core/Include
  D:/Keil/AppData/Local/Arm/Packs/Keil/STM32F1xx_DFP/2.4.0/Device/Include

<h2>Collection of Component Files used:</h2>

   * Component: ARM::CMSIS:CORE:5.6.0
Build Time Elapsed:  00:00:06
</pre>
</body>
</html>
